**********************
Windows PowerShell transcript start
Start time: 20260723014631
Username: ASHOK-X360\jasho
RunAs User: ASHOK-X360\jasho
Configuration Name: 
Machine: ASHOK-X360 (Microsoft Windows NT 10.0.26200.0)
Host Application: powershell -NoProfile -ExecutionPolicy Bypass -File D:\nli_baseline_test\run_and_log_visible_progress.ps1 -PythonExe D:\nli_baseline_test\.venv\Scripts\python.exe -ScriptPath D:\nli_baseline_test\cache_one_nli_model.py -LogPath D:\nli_baseline_test\outputs\run_logs\deberta_v3_base_download_20260723_012942.log -ScriptArgs MoritzLaurer/DeBERTa-v3-base-mnli-fever-anli
Process ID: 23776
PSVersion: 5.1.26100.8875
PSEdition: Desktop
PSCompatibleVersions: 1.0, 2.0, 3.0, 4.0, 5.0, 5.1.26100.8875
BuildVersion: 10.0.26100.8875
CLRVersion: 4.0.30319.42000
WSManStackVersion: 3.0
PSRemotingProtocolVersion: 2.3
SerializationVersion: 1.1.0.1
**********************
Start: 2026-07-23 01:46:31
Python: D:\nli_baseline_test\.venv\Scripts\python.exe
Script: D:\nli_baseline_test\cache_one_nli_model.py
Arguments: MoritzLaurer/DeBERTa-v3-base-mnli-fever-anli



End: 2026-07-23 01:47:56
Exit code: 0
**********************
Windows PowerShell transcript end
End time: 20260723014756
**********************
